
> bella-spa-erp@0.1.0 build
> next build

Γû▓ Next.js 16.2.6 (Turbopack)
- Environments: .env.local, .env.production
- Experiments (use with caution):
  ┬╖ clientTraceMetadata
  ┬╖ optimizePackageImports

  Creating an optimized production build ...
Γ£ô Compiled successfully in 13.8s
  Running next.config.js provided runAfterProductionCompile ...
Γ£ô Completed runAfterProductionCompile in 500ms
  Running TypeScript ...
